------------------------------------------------------------
TimeQuest Timing Analyzer Summary
------------------------------------------------------------

Type  : Slow 1200mV 85C Model Setup 'clk'
Slack : -8.254
TNS   : -486.637

Type  : Slow 1200mV 85C Model Setup 'instruction[10]'
Slack : -2.571
TNS   : -351.489

Type  : Slow 1200mV 85C Model Setup 'instruction[13]'
Slack : -1.272
TNS   : -1.272

Type  : Slow 1200mV 85C Model Hold 'instruction[10]'
Slack : -0.465
TNS   : -4.125

Type  : Slow 1200mV 85C Model Hold 'instruction[13]'
Slack : 0.632
TNS   : 0.000

Type  : Slow 1200mV 85C Model Hold 'clk'
Slack : 1.082
TNS   : 0.000

Type  : Slow 1200mV 85C Model Minimum Pulse Width 'clk'
Slack : -3.000
TNS   : -275.000

Type  : Slow 1200mV 85C Model Minimum Pulse Width 'instruction[10]'
Slack : -3.000
TNS   : -3.000

Type  : Slow 1200mV 85C Model Minimum Pulse Width 'instruction[13]'
Slack : -3.000
TNS   : -3.000

Type  : Slow 1200mV 0C Model Setup 'clk'
Slack : -7.249
TNS   : -413.027

Type  : Slow 1200mV 0C Model Setup 'instruction[10]'
Slack : -2.327
TNS   : -317.854

Type  : Slow 1200mV 0C Model Setup 'instruction[13]'
Slack : -1.147
TNS   : -1.147

Type  : Slow 1200mV 0C Model Hold 'instruction[10]'
Slack : -0.379
TNS   : -3.062

Type  : Slow 1200mV 0C Model Hold 'instruction[13]'
Slack : 0.624
TNS   : 0.000

Type  : Slow 1200mV 0C Model Hold 'clk'
Slack : 0.975
TNS   : 0.000

Type  : Slow 1200mV 0C Model Minimum Pulse Width 'clk'
Slack : -3.000
TNS   : -275.000

Type  : Slow 1200mV 0C Model Minimum Pulse Width 'instruction[10]'
Slack : -3.000
TNS   : -3.000

Type  : Slow 1200mV 0C Model Minimum Pulse Width 'instruction[13]'
Slack : -3.000
TNS   : -3.000

Type  : Fast 1200mV 0C Model Setup 'clk'
Slack : -4.288
TNS   : -242.703

Type  : Fast 1200mV 0C Model Setup 'instruction[10]'
Slack : -1.605
TNS   : -155.150

Type  : Fast 1200mV 0C Model Setup 'instruction[13]'
Slack : -0.705
TNS   : -0.705

Type  : Fast 1200mV 0C Model Hold 'instruction[10]'
Slack : -0.390
TNS   : -5.771

Type  : Fast 1200mV 0C Model Hold 'instruction[13]'
Slack : 0.312
TNS   : 0.000

Type  : Fast 1200mV 0C Model Hold 'clk'
Slack : 0.576
TNS   : 0.000

Type  : Fast 1200mV 0C Model Minimum Pulse Width 'clk'
Slack : -3.000
TNS   : -286.971

Type  : Fast 1200mV 0C Model Minimum Pulse Width 'instruction[10]'
Slack : -3.000
TNS   : -8.264

Type  : Fast 1200mV 0C Model Minimum Pulse Width 'instruction[13]'
Slack : -3.000
TNS   : -3.000

------------------------------------------------------------
